// Jest Snapshot v1, https://goo.gl/fbAQLP

exports[`Form Should match snapshot 1`] = `
<form
  class="sc-bdVaJa eUEwfn"
/>
`;
