// Jest Snapshot v1, https://goo.gl/fbAQLP

exports[`Overlay Should match snapshot 1`] = `
<div
  class="sc-bwzfXH flyiBm sc-bdVaJa eUEwfn"
  data-overlay="true"
/>
`;
