// Jest Snapshot v1, https://goo.gl/fbAQLP

exports[`Page Should match snapshot 1`] = `
<div
  class="sc-bdVaJa sc-bwzfXH glpLfC"
/>
`;
