// Jest Snapshot v1, https://goo.gl/fbAQLP

exports[`Input Should match snapshot 1`] = `
<div
  class="sc-bwzfXH fDQTld sc-bdVaJa iCRaLp"
>
  <input
    value=""
  />
</div>
`;
