// Jest Snapshot v1, https://goo.gl/fbAQLP

exports[`Row Should match snapshot 1`] = `
<div
  class="sc-bdVaJa iCRaLp"
/>
`;
